# Comment for A
AAAAA = AA
B     = BB
# Comment for C
# Another comment for C
C     = CC

# Comment for D
DDD   = DD
# Comment for E
EE    = EE
# Random trailing comment