# Comment for A
A = AA
B = BB
# Comment for C
# Another comment for C
C = CC
# Random trailing comment